[cdn.livedemo00.template-help.com/wt_63579/index.html]
[backblue.gif]
[fade.gif]
[index.html]
[cdn.livedemo00.template-help.com/wt_63579/images/favicon.ico]
[cdn.livedemo00.template-help.com/wt_63579/css/bootstrap.css]
[cdn.livedemo00.template-help.com/wt_63579/images/logo-default-280x48.png]
[cdn.livedemo00.template-help.com/wt_63579/index-2.html]
[cdn.livedemo00.template-help.com/wt_63579/css/style.css]
[cdn.livedemo00.template-help.com/wt_63579/images/logo-default-left-245x42.png]
[cdn.livedemo00.template-help.com/wt_63579/about-us.html]
[cdn.livedemo00.template-help.com/wt_63579/services.html]
[cdn.livedemo00.template-help.com/wt_63579/single-service.html]
[cdn.livedemo00.template-help.com/wt_63579/grid-gallery.html]
[cdn.livedemo00.template-help.com/wt_63579/masonry-gallery.html]
[cdn.livedemo00.template-help.com/wt_63579/full-grid-gallery.html]
[cdn.livedemo00.template-help.com/wt_63579/contacts.html]
[cdn.livedemo00.template-help.com/wt_63579/our-team.html]
[cdn.livedemo00.template-help.com/wt_63579/single-member.html]
[cdn.livedemo00.template-help.com/wt_63579/testimonials.html]
[cdn.livedemo00.template-help.com/wt_63579/404-page.html]
[cdn.livedemo00.template-help.com/wt_63579/503-page.html]
[cdn.livedemo00.template-help.com/wt_63579/maintenance.html]
[cdn.livedemo00.template-help.com/wt_63579/coming-soon.html]
[cdn.livedemo00.template-help.com/wt_63579/faq.html]
[cdn.livedemo00.template-help.com/wt_63579/privacy-policy.html]
[cdn.livedemo00.template-help.com/wt_63579/site-map.html]
[cdn.livedemo00.template-help.com/wt_63579/search-results.html]
[cdn.livedemo00.template-help.com/wt_63579/careers.html]
[cdn.livedemo00.template-help.com/wt_63579/specials.html]
[cdn.livedemo00.template-help.com/wt_63579/blog.html]
[cdn.livedemo00.template-help.com/wt_63579/blog-post.html]
[cdn.livedemo00.template-help.com/wt_63579/buttons.html]
[cdn.livedemo00.template-help.com/wt_63579/grid.html]
[cdn.livedemo00.template-help.com/wt_63579/forms.html]
[cdn.livedemo00.template-help.com/wt_63579/progress-bars.html]
[cdn.livedemo00.template-help.com/wt_63579/tabs-and-accordions.html]
[cdn.livedemo00.template-help.com/wt_63579/tables.html]
[cdn.livedemo00.template-help.com/wt_63579/typography.html]
[cdn.livedemo00.template-help.com/wt_63579/images/slide-01.jpg]
[cdn.livedemo00.template-help.com/wt_63579/images/slide-02.jpg]
[cdn.livedemo00.template-help.com/wt_63579/images/slide-03.jpg]
[cdn.livedemo00.template-help.com/wt_63579/images/video-bg-1020x525.jpg]
[cdn.livedemo00.template-help.com/wt_63579/images/rooms-1-570x380.jpg]
[cdn.livedemo00.template-help.com/wt_63579/images/rooms-2-570x380.jpg]
[cdn.livedemo00.template-help.com/wt_63579/images/rooms-3-570x380.jpg]
[cdn.livedemo00.template-help.com/wt_63579/images/gallery-1-533x800_original.jpg]
[cdn.livedemo00.template-help.com/wt_63579/images/gallery-1-420x584.jpg]
[cdn.livedemo00.template-help.com/wt_63579/images/gallery-2-1199x800_original.jpg]
[cdn.livedemo00.template-help.com/wt_63579/images/gallery-2-420x278.jpg]
[cdn.livedemo00.template-help.com/wt_63579/images/gallery-3-584x800_original.jpg]
[cdn.livedemo00.template-help.com/wt_63579/images/gallery-3-420x584.jpg]
[cdn.livedemo00.template-help.com/wt_63579/images/gallery-4-1200x800_original.jpg]
[cdn.livedemo00.template-help.com/wt_63579/images/gallery-4-420x278.jpg]
[cdn.livedemo00.template-help.com/wt_63579/images/gallery-5-1200x800_original.jpg]
[cdn.livedemo00.template-help.com/wt_63579/images/gallery-5-420x278.jpg]
[cdn.livedemo00.template-help.com/wt_63579/images/gallery-6-1200x798_original.jpg]
[cdn.livedemo00.template-help.com/wt_63579/images/gallery-6-420x278.jpg]
[cdn.livedemo00.template-help.com/wt_63579/images/quote-img-01-49x45.png]
[cdn.livedemo00.template-help.com/wt_63579/images/about-05-100x100.jpg]
[cdn.livedemo00.template-help.com/wt_63579/images/about-04-100x100.jpg]
[cdn.livedemo00.template-help.com/wt_63579/images/about-02-100x100.jpg]
[cdn.livedemo00.template-help.com/wt_63579/images/about-03-100x100.jpg]
[cdn.livedemo00.template-help.com/wt_63579/images/layout-2-blog-01-460x369.jpg]
[cdn.livedemo00.template-help.com/wt_63579/images/layout-2-blog-02-460x369.jpg]
[cdn.livedemo00.template-help.com/wt_63579/images/layout-2-blog-03-460x369.jpg]
[cdn.livedemo00.template-help.com/wt_63579/js/core.min.js]
[cdn.livedemo00.template-help.com/wt_63579/js/script.js]
[cdn.livedemo00.template-help.com/wt_63579/index.html]
[cdn.livedemo00.template-help.com/wt_63579/fonts/bootstrap/glyphicons-halflings-regular.eot]
[cdn.livedemo00.template-help.com/wt_63579/fonts/bootstrap/glyphicons-halflings-regular.woff2]
[cdn.livedemo00.template-help.com/wt_63579/fonts/bootstrap/glyphicons-halflings-regulard41d.eot]
[cdn.livedemo00.template-help.com/wt_63579/fonts/bootstrap/glyphicons-halflings-regular.woff]
[cdn.livedemo00.template-help.com/wt_63579/fonts/bootstrap/glyphicons-halflings-regular.ttf]
[cdn.livedemo00.template-help.com/wt_63579/css/bootstrap.css]
[cdn.livedemo00.template-help.com/wt_63579/images/coming-soon.jpg]
[cdn.livedemo00.template-help.com/wt_63579/images/rd-video-play.png]
[cdn.livedemo00.template-help.com/wt_63579/images/rd-video-play-hover.png]
[cdn.livedemo00.template-help.com/wt_63579/images/breadcrumbs-01.jpg]
[cdn.livedemo00.template-help.com/wt_63579/images/breadcrumbs-02.jpg]
[cdn.livedemo00.template-help.com/wt_63579/images/isotope-loader.png]
[cdn.livedemo00.template-help.com/wt_63579/images/photoswipe-controls.png]
[cdn.livedemo00.template-help.com/wt_63579/images/preloader.gif]
[cdn.livedemo00.template-help.com/wt_63579/css/mCSB_buttons.png]
[cdn.livedemo00.template-help.com/wt_63579/images/ajax-loader.gif]
[cdn.livedemo00.template-help.com/wt_63579/images/bgr.jpg]
[cdn.livedemo00.template-help.com/wt_63579/images/progress_sprite.jpg]
[cdn.livedemo00.template-help.com/wt_63579/images/progress.png]
[cdn.livedemo00.template-help.com/wt_63579/images/controls.jpg]
[cdn.livedemo00.template-help.com/wt_63579/images/seperator.54.delayed]
[cdn.livedemo00.template-help.com/wt_63579/images/handle.png]
[cdn.livedemo00.template-help.com/wt_63579/images/sprite.png]
[cdn.livedemo00.template-help.com/wt_63579/images/volume.png]
[cdn.livedemo00.template-help.com/wt_63579/images/play.png]
[cdn.livedemo00.template-help.com/wt_63579/images/play-video.png]
[cdn.livedemo00.template-help.com/wt_63579/fonts/fontawesome-webfont3e6e.eot]
[cdn.livedemo00.template-help.com/wt_63579/fonts/fontawesome-webfontd41d.eot]
[cdn.livedemo00.template-help.com/wt_63579/fonts/fontawesome-webfont3e6e.woff2]
[cdn.livedemo00.template-help.com/wt_63579/fonts/fontawesome-webfont3e6e.woff]
[cdn.livedemo00.template-help.com/wt_63579/fonts/fontawesome-webfont3e6e.ttf]
[cdn.livedemo00.template-help.com/wt_63579/fonts/materialdesignicons-webfont14e6.eot]
[cdn.livedemo00.template-help.com/wt_63579/fonts/materialdesignicons-webfontd41d.eot]
[cdn.livedemo00.template-help.com/wt_63579/fonts/materialdesignicons-webfont14e6.woff2]
[cdn.livedemo00.template-help.com/wt_63579/fonts/materialdesignicons-webfont14e6.woff]
[cdn.livedemo00.template-help.com/wt_63579/fonts/materialdesignicons-webfont14e6.ttf]
[cdn.livedemo00.template-help.com/wt_63579/fonts/fl-budicons-free.eot]
[cdn.livedemo00.template-help.com/wt_63579/fonts/fl-budicons-free.woff]
[cdn.livedemo00.template-help.com/wt_63579/fonts/fl-budicons-free.ttf]
[cdn.livedemo00.template-help.com/wt_63579/fonts/Hotel-Regular9d64.eot]
[cdn.livedemo00.template-help.com/wt_63579/fonts/Hotel-Regular9d64.woff]
[cdn.livedemo00.template-help.com/wt_63579/fonts/Hotel-Regular9d64.ttf]
[cdn.livedemo00.template-help.com/wt_63579/css/style.css]
[cdn.livedemo00.template-help.com/wt_63579/index-2.html]
[cdn.livedemo00.template-help.com/wt_63579/images/about-01-546x516.jpg]
[cdn.livedemo00.template-help.com/wt_63579/images/team-01-295x282.jpg]
[cdn.livedemo00.template-help.com/wt_63579/images/team-02-295x282.jpg]
[cdn.livedemo00.template-help.com/wt_63579/about-us.html]
[cdn.livedemo00.template-help.com/wt_63579/images/team-03-295x282.jpg]
[cdn.livedemo00.template-help.com/wt_63579/images/services-01-529x380.jpg]
[cdn.livedemo00.template-help.com/wt_63579/images/services-02-529x380.jpg]
[cdn.livedemo00.template-help.com/wt_63579/images/services-03-529x380.jpg]
[cdn.livedemo00.template-help.com/wt_63579/images/services-04-529x380.jpg]
[cdn.livedemo00.template-help.com/wt_63579/services.html]
[cdn.livedemo00.template-help.com/wt_63579/images/services-05-546x516.jpg]
[cdn.livedemo00.template-help.com/wt_63579/single-service.html]
[cdn.livedemo00.template-help.com/wt_63579/images/grid-gallery-1-1200x800_original.jpg]
[cdn.livedemo00.template-help.com/wt_63579/images/grid-gallery-1-370x276.jpg]
[cdn.livedemo00.template-help.com/wt_63579/images/grid-gallery-2-1200x800_original.jpg]
[cdn.livedemo00.template-help.com/wt_63579/images/grid-gallery-2-370x276.jpg]
[cdn.livedemo00.template-help.com/wt_63579/images/grid-gallery-3-1058x800_original.jpg]
[cdn.livedemo00.template-help.com/wt_63579/images/grid-gallery-3-370x276.jpg]
[cdn.livedemo00.template-help.com/wt_63579/images/grid-gallery-4-1200x797_original.jpg]
[cdn.livedemo00.template-help.com/wt_63579/images/grid-gallery-4-370x276.jpg]
[cdn.livedemo00.template-help.com/wt_63579/images/grid-gallery-5-1200x800_original.jpg]
[cdn.livedemo00.template-help.com/wt_63579/images/grid-gallery-5-370x276.jpg]
[cdn.livedemo00.template-help.com/wt_63579/images/grid-gallery-6-1200x800_original.jpg]
[cdn.livedemo00.template-help.com/wt_63579/images/grid-gallery-6-370x276.jpg]
[cdn.livedemo00.template-help.com/wt_63579/images/grid-gallery-7-1200x800_original.jpg]
[cdn.livedemo00.template-help.com/wt_63579/images/grid-gallery-7-370x276.jpg]
[cdn.livedemo00.template-help.com/wt_63579/images/grid-gallery-8-1200x800_original.jpg]
[cdn.livedemo00.template-help.com/wt_63579/images/grid-gallery-8-370x276.jpg]
[cdn.livedemo00.template-help.com/wt_63579/images/grid-gallery-9-1152x800_original.jpg]
[cdn.livedemo00.template-help.com/wt_63579/images/grid-gallery-9-370x276.jpg]
[cdn.livedemo00.template-help.com/wt_63579/grid-gallery.html]
[cdn.livedemo00.template-help.com/wt_63579/images/masonry-gallery-1-270x375.jpg]
[cdn.livedemo00.template-help.com/wt_63579/images/masonry-gallery-2-570x375.jpg]
[cdn.livedemo00.template-help.com/wt_63579/images/masonry-gallery-3-270x229.jpg]
[cdn.livedemo00.template-help.com/wt_63579/images/masonry-gallery-4-270x229.jpg]
[cdn.livedemo00.template-help.com/wt_63579/images/masonry-gallery-5-570x264.jpg]
[cdn.livedemo00.template-help.com/wt_63579/images/masonry-gallery-6-270x264.jpg]
[cdn.livedemo00.template-help.com/wt_63579/images/masonry-gallery-7-270x445.jpg]
[cdn.livedemo00.template-help.com/wt_63579/images/masonry-gallery-8-270x264.jpg]
[cdn.livedemo00.template-help.com/wt_63579/masonry-gallery.html]
[cdn.livedemo00.template-help.com/wt_63579/images/masonry-gallery-9-570x264.jpg]
[cdn.livedemo00.template-help.com/wt_63579/images/grid-gallery-1-640x426.jpg]
[cdn.livedemo00.template-help.com/wt_63579/images/grid-gallery-2-640x426.jpg]
[cdn.livedemo00.template-help.com/wt_63579/images/grid-gallery-3-640x426.jpg]
[cdn.livedemo00.template-help.com/wt_63579/images/grid-gallery-4-640x426.jpg]
[cdn.livedemo00.template-help.com/wt_63579/images/grid-gallery-5-640x426.jpg]
[cdn.livedemo00.template-help.com/wt_63579/full-grid-gallery.html]
[cdn.livedemo00.template-help.com/wt_63579/contacts.html]
[cdn.livedemo00.template-help.com/wt_63579/images/grid-gallery-6-640x426.jpg]
[cdn.livedemo00.template-help.com/wt_63579/images/team-04-295x282.jpg]
[cdn.livedemo00.template-help.com/wt_63579/images/team-05-295x282.jpg]
[cdn.livedemo00.template-help.com/wt_63579/our-team.html]
[cdn.livedemo00.template-help.com/wt_63579/images/team-06-295x282.jpg]
[cdn.livedemo00.template-help.com/wt_63579/single-member.html]
[cdn.livedemo00.template-help.com/wt_63579/images/team-mp-01-570x569.jpg]
[cdn.livedemo00.template-help.com/wt_63579/images/testimonials-01-75x75.jpg]
[cdn.livedemo00.template-help.com/wt_63579/images/testimonials-02-75x75.jpg]
[cdn.livedemo00.template-help.com/wt_63579/images/testimonials-03-75x75.jpg]
[cdn.livedemo00.template-help.com/wt_63579/testimonials.html]
[cdn.livedemo00.template-help.com/wt_63579/images/testimonials-04-75x75.jpg]
[cdn.livedemo00.template-help.com/wt_63579/images/bg-image-2.jpg]
[cdn.livedemo00.template-help.com/wt_63579/404-page.html]
[cdn.livedemo00.template-help.com/wt_63579/503-page.html]
[cdn.livedemo00.template-help.com/wt_63579/maintenance.html]
[cdn.livedemo00.template-help.com/wt_63579/images/bg-image-3.jpg]
[cdn.livedemo00.template-help.com/wt_63579/coming-soon.html]
[cdn.livedemo00.template-help.com/wt_63579/faq.html]
[cdn.livedemo00.template-help.com/wt_63579/privacy-policy.html]
[cdn.livedemo00.template-help.com/wt_63579/site-map.html]
[cdn.livedemo00.template-help.com/wt_63579/search-results.html]
[cdn.livedemo00.template-help.com/wt_63579/careers.html]
[cdn.livedemo00.template-help.com/wt_63579/images/logo-inverse-280x48.png]
[cdn.livedemo00.template-help.com/wt_63579/specials.html]
[cdn.livedemo00.template-help.com/wt_63579/images/special-01-561x260.jpg]
[cdn.livedemo00.template-help.com/wt_63579/images/blog-post-01-971x509.jpg]
[cdn.livedemo00.template-help.com/wt_63579/images/blog-user-01-113x113.jpg]
[cdn.livedemo00.template-help.com/wt_63579/images/blog-post-02-971x509.jpg]
[cdn.livedemo00.template-help.com/wt_63579/images/blog-user-02-113x113.jpg]
[cdn.livedemo00.template-help.com/wt_63579/images/blog-post-03-971x509.jpg]
[cdn.livedemo00.template-help.com/wt_63579/blog.html]
[cdn.livedemo00.template-help.com/wt_63579/images/blog-user-03-113x113.jpg]
[cdn.livedemo00.template-help.com/wt_63579/images/post-01-870x412.jpg]
[cdn.livedemo00.template-help.com/wt_63579/images/comment-01-70x70.jpg]
[cdn.livedemo00.template-help.com/wt_63579/images/comment-02-70x70.jpg]
[cdn.livedemo00.template-help.com/wt_63579/images/comment-03-70x70.jpg]
[cdn.livedemo00.template-help.com/wt_63579/images/aside-blog-01-70x70.jpg]
[cdn.livedemo00.template-help.com/wt_63579/images/aside-blog-02-70x70.jpg]
[cdn.livedemo00.template-help.com/wt_63579/blog-post.html]
[cdn.livedemo00.template-help.com/wt_63579/buttons.html]
[cdn.livedemo00.template-help.com/wt_63579/grid.html]
[cdn.livedemo00.template-help.com/wt_63579/images/aside-blog-03-70x70.jpg]
[cdn.livedemo00.template-help.com/wt_63579/forms.html]
[cdn.livedemo00.template-help.com/wt_63579/progress-bars.html]
[cdn.livedemo00.template-help.com/wt_63579/tabs-and-accordions.html]
[cdn.livedemo00.template-help.com/wt_63579/tables.html]
[cdn.livedemo00.template-help.com/wt_63579/images/bg-image-1.jpg]
[cdn.livedemo00.template-help.com/wt_63579/images/typography-1-770x485.jpg]
[cdn.livedemo00.template-help.com/wt_63579/typography.html]
[cdn.livedemo00.template-help.com/wt_63579/fonts/bootstrap/glyphicons-halflings-regular.svg]
[cdn.livedemo00.template-help.com/wt_63579/images/breadcrumbs-02.html]
[cdn.livedemo00.template-help.com/wt_63579/images/photoswipe-controls.svg]
[cdn.livedemo00.template-help.com/wt_63579/css/mCSB_buttons.html]
[cdn.livedemo00.template-help.com/wt_63579/images/seperator.html]
[cdn.livedemo00.template-help.com/wt_63579/images/play.html]
[cdn.livedemo00.template-help.com/wt_63579/images/play-video.html]
[cdn.livedemo00.template-help.com/wt_63579/fonts/fontawesome-webfont3e6e.svg]
[cdn.livedemo00.template-help.com/wt_63579/fonts/materialdesignicons-webfont14e6.svg]
[cdn.livedemo00.template-help.com/wt_63579/fonts/fl-budicons-free.svg]
[cdn.livedemo00.template-help.com/wt_63579/fonts/Hotel-Regular9d64.svg]
[cdn.livedemo00.template-help.com/wt_63579/images/typography-2-350x220.jpg]
