[themes.getmotopress.com/villagio/index.html]
[backblue.gif]
[fade.gif]
[index.html]
[themes.getmotopress.com/villagio/wp-content/plugins/woocommerce/assets/css/woocommerce-layoutc169.css]
[themes.getmotopress.com/villagio/wp-content/plugins/woocommerce/assets/css/woocommerce-smallscreenc169.css]
[themes.getmotopress.com/villagio/comments/feed/index.html]
[themes.getmotopress.com/villagio/wp-content/plugins/woocommerce/assets/css/woocommercec169.css]
[themes.getmotopress.com/villagio/feed/index.html]
[themes.getmotopress.com/villagio/wp-content/plugins/sitepress-multilingual-cms/templates/language-switchers/menu-item/style68b3.css]
[themes.getmotopress.com/villagio/index3322.html]
[themes.getmotopress.com/villagio/wp-content/themes/villagio/css/motopress-hotel-booking6f3e.css]
[themes.getmotopress.com/villagio/wp-content/themes/villagio/style6f3e.css]
[themes.getmotopress.com/villagio/wp-content/themes/villagio/woocommercecbf4.css]
[themes.getmotopress.com/villagio/wp-content/plugins/motopress-hotel-booking/vendors/kbwood/datepick/jquery.datepick8066.css]
[themes.getmotopress.com/villagio/wp-content/plugins/motopress-hotel-booking/assets/css/mphb.min8066.css]
[themes.getmotopress.com/villagio/wp-includes/js/jquery/jqueryb8ff.js]
[themes.getmotopress.com/villagio/wp-includes/js/jquery/jquery-migrate.min330a.js]
[themes.getmotopress.com/villagio/xmlrpc0db0.php]
[themes.getmotopress.com/villagio/wp-includes/wlwmanifest.xml]
[themes.getmotopress.com/villagio/wp-json/index.html]
[themes.getmotopress.com/villagio/wp-json/oembed/1.0/embed89c2.json]
[themes.getmotopress.com/villagio/wp-json/oembed/1.0/embeda330]
[themes.getmotopress.com/villagio/wp-content/plugins/sitepress-multilingual-cms/res/flags/en.png]
[themes.getmotopress.com/villagio/wp-content/plugins/sitepress-multilingual-cms/res/flags/de.png]
[themes.getmotopress.com/villagio/accommodation-category/lazio/index.html]
[themes.getmotopress.com/villagio/accommodation-category/le-marche/index.html]
[themes.getmotopress.com/villagio/accommodation-category/aosta-valley/index.html]
[themes.getmotopress.com/villagio/wp-content/uploads/sites/8/2017/06/Depositphotos_65899635_original-2000x1500.jpg]
[themes.getmotopress.com/villagio/villas/index.html]
[themes.getmotopress.com/villagio/find-your-villa/index.html]
[themes.getmotopress.com/villagio/services/index.html]
[themes.getmotopress.com/villagio/wp-content/uploads/sites/8/2017/06/Depositphotos_65899635_original-1434x734.jpg]
[themes.getmotopress.com/villagio/activities/capri-boat-tour-from-sorrento/index.html]
[themes.getmotopress.com/villagio/wp-content/uploads/sites/8/2017/06/Depositphotos_6231054_original-2000x1333.jpg]
[themes.getmotopress.com/villagio/activities/index.html]
[themes.getmotopress.com/villagio/activities/sightseeing-naples-tour-for-families/index.html]
[themes.getmotopress.com/villagio/wp-content/uploads/sites/8/2017/06/Depositphotos_6231054_original-1434x734.jpg]
[themes.getmotopress.com/villagio/activities/learn-history-half-day-trip-to-pompeii/index.html]
[themes.getmotopress.com/villagio/style-guide/index.html]
[themes.getmotopress.com/villagio/wp-content/uploads/sites/8/2017/06/Depositphotos_5789835_original-2000x1333.jpg]
[themes.getmotopress.com/villagio/news/index.html]
[themes.getmotopress.com/villagio/wp-content/uploads/sites/8/2017/06/Depositphotos_5789835_original-1434x734.jpg]
[themes.getmotopress.com/villagio/shop/index.html]
[themes.getmotopress.com/villagio/cart/index.html]
[themes.getmotopress.com/villagio/accommodation/a-brand-new-villa-zorada-vacation-rental/index.html]
[themes.getmotopress.com/villagio/wp-content/uploads/sites/8/2017/06/Depositphotos_11497591_original-717x540.jpg]
[themes.getmotopress.com/villagio/accommodation/cuvee-hualalai-estate/index.html]
[themes.getmotopress.com/villagio/accommodation/huntington-seaside-villa/index.html]
[themes.getmotopress.com/villagio/accommodation/stunning-beachfront-villa-azul-celeste/index.html]
[themes.getmotopress.com/villagio/wp-content/uploads/sites/8/2017/06/Depositphotos_11497591_original-1024x659.jpg]
[themes.getmotopress.com/villagio/wp-content/uploads/sites/8/2017/06/Depositphotos_65899635_original-717x540.jpg]
[themes.getmotopress.com/villagio/wp-content/uploads/sites/8/2017/06/Depositphotos_65899635_original-1024x768.jpg]
[themes.getmotopress.com/villagio/accommodation-facility/balcony/index.html]
[themes.getmotopress.com/villagio/accommodation-facility/air-conditioning/index.html]
[themes.getmotopress.com/villagio/wp-content/uploads/sites/8/2017/06/Depositphotos_11636543_original-717x540.jpg]
[themes.getmotopress.com/villagio/accommodation-facility/beachfront/index.html]
[themes.getmotopress.com/villagio/wp-content/uploads/sites/8/2017/06/Depositphotos_11636543_original-1024x682.jpg]
[themes.getmotopress.com/villagio/accommodation-facility/dining-area/index.html]
[themes.getmotopress.com/villagio/accommodation-facility/flat-screen-tv/index.html]
[themes.getmotopress.com/villagio/wp-content/uploads/sites/8/2017/06/Depositphotos_6231054_original-717x540.jpg]
[themes.getmotopress.com/villagio/accommodation-facility/free-parking/index.html]
[themes.getmotopress.com/villagio/wp-content/uploads/sites/8/2017/06/Depositphotos_6231054_original-1024x682.jpg]
[themes.getmotopress.com/villagio/accommodation-facility/outdoor-pool/index.html]
[themes.getmotopress.com/villagio/accommodation-facility/free-wifi/index.html]
[themes.getmotopress.com/villagio/wp-content/uploads/sites/8/2017/06/Depositphotos_31239309_original-717x540.jpg]
[themes.getmotopress.com/villagio/accommodation/summerland-villa-at-patriots-landing/index.html]
[themes.getmotopress.com/villagio/wp-content/uploads/sites/8/2017/06/Depositphotos_31239309_original-1024x740.jpg]
[themes.getmotopress.com/villagio/accommodation-facility/pet-friendly/index.html]
[themes.getmotopress.com/villagio/accommodation-facility/terrace/index.html]
[themes.getmotopress.com/villagio/accommodation/deluxe-ski-in-ski-out-aspen-townhouse/index.html]
[themes.getmotopress.com/villagio/wp-content/uploads/sites/8/2017/06/Depositphotos_5789835_original-717x540.jpg]
[themes.getmotopress.com/villagio/wp-content/uploads/sites/8/2017/06/Depositphotos_5789835_original-1024x682.jpg]
[themes.getmotopress.com/villagio/wp-content/uploads/sites/8/2017/06/Depositphotos_55738523_original-150x150.jpg]
[themes.getmotopress.com/villagio/accommodation-facility/fireplace/index.html]
[themes.getmotopress.com/villagio/wp-content/uploads/sites/8/2017/06/Depositphotos_55738523_original-858x1024.jpg]
[themes.getmotopress.com/villagio/wp-content/uploads/sites/8/2017/06/Depositphotos_68245971_original-150x150.jpg]
[themes.getmotopress.com/villagio/testimonial/joe-doe/index.html]
[themes.getmotopress.com/villagio/wp-content/uploads/sites/8/2017/06/Depositphotos_68245971_original-1024x682.jpg]
[themes.getmotopress.com/villagio/wp-content/uploads/sites/8/2017/06/Depositphotos_63773305_original-150x150.jpg]
[themes.getmotopress.com/villagio/testimonial/kim-lee/index.html]
[themes.getmotopress.com/villagio/wp-content/uploads/sites/8/2017/06/Depositphotos_63773305_original-1024x1024.jpg]
[themes.getmotopress.com/villagio/wp-content/plugins/jetpack/modules/custom-post-types/css/testimonial-shortcodef8b0.css]
[themes.getmotopress.com/villagio/testimonial/tom/index.html]
[themes.getmotopress.com/villagio/wp-content/plugins/woocommerce/assets/js/frontend/add-to-cart.minc169.js]
[themes.getmotopress.com/villagio/wp-content/plugins/woocommerce/assets/js/jquery-blockui/jquery.blockUI.min44fd.js]
[themes.getmotopress.com/villagio/2017/06/14/unforgettable-vignanello-garden-tour-in-lazio/index.html]
[themes.getmotopress.com/villagio/2017/06/14/special-discounts-for-italian-castles-tour/index.html]
[themes.getmotopress.com/villagio/2017/06/14/places-of-interest-near-summer-villa-emilia/index.html]
[themes.getmotopress.com/villagio/wp-content/plugins/woocommerce/assets/js/js-cookie/js.cookie.min6b25.js]
[themes.getmotopress.com/villagio/wp-content/plugins/woocommerce/assets/js/frontend/woocommerce.minc169.js]
[themes.getmotopress.com/villagio/wp-content/plugins/woocommerce/assets/js/frontend/cart-fragments.minc169.js]
[themes.getmotopress.com/villagio/wp-content/themes/villagio/js/navigation6f3e.js]
[themes.getmotopress.com/villagio/2017/06/13/lazio-or-campania-which-location-is-best-for-your-stay/index.html]
[themes.getmotopress.com/villagio/2017/06/14/celebrate-lucca-summer-festival-with-us/index.html]
[themes.getmotopress.com/villagio/wp-content/themes/villagio/js/skip-link-focus-fix6f3e.js]
[themes.getmotopress.com/villagio/wp-content/themes/villagio/js/functions6f3e.js]
[themes.getmotopress.com/villagio/wp-content/themes/villagio/js/jquery.flexslider-min6f3e.js]
[themes.getmotopress.com/villagio/wp-content/plugins/motopress-hotel-booking/vendors/canjs/can.custom.min8066.js]
[themes.getmotopress.com/villagio/wp-content/plugins/motopress-hotel-booking/vendors/kbwood/datepick/jquery.plugin.min8066.js]
[themes.getmotopress.com/villagio/wp-content/plugins/motopress-hotel-booking/vendors/kbwood/datepick/jquery.datepick.min8066.js]
[themes.getmotopress.com/villagio/wp-content/plugins/motopress-hotel-booking/assets/js/public/mphb.min8066.js]
[themes.getmotopress.com/villagio/wp-includes/js/wp-embed.mincbf4.js]
[themes.getmotopress.com/villagio/index.html]
[themes.getmotopress.com/villagio/wp-content/plugins/motopress-hotel-booking/vendors/kbwood/datepick/jquery.datepick-de8066.js]
[themes.getmotopress.com/villagio/index3322.html]
[themes.getmotopress.com/villagio/comments/feed/index3322.html]
[themes.getmotopress.com/villagio/feed/index3322.html]
[themes.getmotopress.com/villagio/wp-content/plugins/woocommerce/assets/css/woocommerce-layoutc169.css]
[themes.getmotopress.com/villagio/wp-json/indexcc5b.html]
[themes.getmotopress.com/villagio/wp-content/plugins/woocommerce/assets/css/woocommerce-smallscreenc169.css]
[themes.getmotopress.com/villagio/wp-json/index3c0b.html]
[themes.getmotopress.com/villagio/wp-json/index5d88.html]
[themes.getmotopress.com/villagio/accommodation-category/aostatal/index3322.html]
[themes.getmotopress.com/villagio/wp-content/plugins/woocommerce/assets/fonts/star.eot]
[themes.getmotopress.com/villagio/accommodation-category/latium/index3322.html]
[themes.getmotopress.com/villagio/accommodation-category/marken/index3322.html]
[themes.getmotopress.com/villagio/villen/index3322.html]
[themes.getmotopress.com/villagio/wp-content/plugins/woocommerce/assets/fonts/stard41d.eot]
[themes.getmotopress.com/villagio/finde-deine-villa/index3322.html]
[themes.getmotopress.com/villagio/wp-content/plugins/woocommerce/assets/fonts/star.woff]
[themes.getmotopress.com/villagio/aktivitaeten/capri-bootstour-von-sorrent/index3322.html]
[themes.getmotopress.com/villagio/aktivitaeten/index3322.html]
[themes.getmotopress.com/villagio/wp-content/plugins/woocommerce/assets/fonts/star.ttf]
[themes.getmotopress.com/villagio/dienstleistungen/index3322.html]
[themes.getmotopress.com/villagio/wp-content/plugins/woocommerce/assets/fonts/star.svg]
[themes.getmotopress.com/villagio/aktivitaeten/geschichte-lernen-halbtagesausflug-nach-pompeji/index3322.html]
[themes.getmotopress.com/villagio/nieuws/index3322.html]
[themes.getmotopress.com/villagio/aktivitaeten/sightseeing-neapel-tour-fuer-familien/index3322.html]
[themes.getmotopress.com/villagio/wp-content/plugins/woocommerce/assets/fonts/WooCommerce.eot]
[themes.getmotopress.com/villagio/accommodation/villa-am-strand-casa-aurora/index3322.html]
[themes.getmotopress.com/villagio/wp-content/plugins/woocommerce/assets/fonts/WooCommerced41d.eot]
[themes.getmotopress.com/villagio/accommodation/strand-villa-toskana-maremma/index3322.html]
[themes.getmotopress.com/villagio/accommodation/villa-bastilicata-grande/index3322.html]
[themes.getmotopress.com/villagio/wp-content/plugins/woocommerce/assets/fonts/WooCommerce.woff]
[themes.getmotopress.com/villagio/accommodation-facility/aussen-pool/index3322.html]
[themes.getmotopress.com/villagio/wp-content/plugins/woocommerce/assets/fonts/WooCommerce.ttf]
[themes.getmotopress.com/villagio/accommodation-facility/direkt-am-strand/index3322.html]
[themes.getmotopress.com/villagio/accommodation-facility/balkon/index3322.html]
[themes.getmotopress.com/villagio/wp-content/plugins/woocommerce/assets/fonts/WooCommerce.svg]
[themes.getmotopress.com/villagio/accommodation-facility/essbereich/index3322.html]
[themes.getmotopress.com/villagio/wp-content/plugins/woocommerce/assets/images/icons/loader.svg]
[themes.getmotopress.com/villagio/accommodation-facility/gratis-parkplatze/index3322.html]
[themes.getmotopress.com/villagio/accommodation-facility/flachbildfernseher/index3322.html]
[themes.getmotopress.com/villagio/wp-content/plugins/woocommerce/assets/css/photoswipe/default-skin/default-skin.png]
[themes.getmotopress.com/villagio/accommodation-facility/haustierfreundlich/index3322.html]
[themes.getmotopress.com/villagio/accommodation-facility/gratis-wifi/index3322.html]
[themes.getmotopress.com/villagio/wp-content/plugins/woocommerce/assets/images/icons/credit-cards/visa.svg]
[themes.getmotopress.com/villagio/accommodation-facility/klimaanlage/index3322.html]
[themes.getmotopress.com/villagio/accommodation-facility/terrasse/index3322.html]
[themes.getmotopress.com/villagio/wp-content/plugins/woocommerce/assets/images/icons/credit-cards/mastercard.svg]
[themes.getmotopress.com/villagio/accommodation-facility/kamin/index3322.html]
[themes.getmotopress.com/villagio/accommodation/alpen-berge-winter-haeuschen-monte-bianco-in-aostatal/index3322.html]
[themes.getmotopress.com/villagio/wp-content/plugins/woocommerce/assets/images/icons/credit-cards/laser.svg]
[themes.getmotopress.com/villagio/accommodation/sommer-villa-emilia/index3322.html]
[themes.getmotopress.com/villagio/wp-content/plugins/woocommerce/assets/images/icons/credit-cards/diners.svg]
[themes.getmotopress.com/villagio/wp-content/plugins/woocommerce/assets/images/icons/credit-cards/maestro.svg]
[themes.getmotopress.com/villagio/testimonial/joe-doe/index3322.html]
[themes.getmotopress.com/villagio/testimonial/kim-lee/index3322.html]
[themes.getmotopress.com/villagio/accommodation/die-marken-aetna-haus/index3322.html]
[themes.getmotopress.com/villagio/wp-content/plugins/woocommerce/assets/images/icons/credit-cards/jcb.svg]
[themes.getmotopress.com/villagio/wp-content/plugins/woocommerce/assets/images/icons/credit-cards/amex.svg]
[themes.getmotopress.com/villagio/wp-content/plugins/woocommerce/assets/images/icons/credit-cards/discover.svg]
[themes.getmotopress.com/villagio/wp-content/plugins/woocommerce/assets/css/woocommercec169.css]
[themes.getmotopress.com/villagio/testimonial/tom/index3322.html]
[themes.getmotopress.com/villagio/2017/12/11/feiern-sie-lucca-summer-festival-mit-uns/index3322.html]
[themes.getmotopress.com/villagio/wp-content/plugins/sitepress-multilingual-cms/templates/language-switchers/menu-item/style68b3.css]
[themes.getmotopress.com/villagio/2017/12/11/latium-or-marken-welcher-ort-ist-am-besten-fuer-ihren-aufenthalt/index3322.html]
[themes.getmotopress.com/villagio/2017/12/11/sehenswuerdigkeiten-in-der-naehe-der-sommervilla-emilia/index3322.html]
[themes.getmotopress.com/villagio/wp-content/themes/villagio/images/angle-down.svg]
[themes.getmotopress.com/villagio/2017/12/11/unvergessliche-vignanello-garten-tour-in-latium/index3322.html]
[themes.getmotopress.com/villagio/2017/12/11/spezielle-rabatte-fuer-italienische-schloesser-tour/index3322.html]
[themes.getmotopress.com/villagio/wp-content/themes/villagio/fonts/fontawesome-webfont3e6e.eot]
[themes.getmotopress.com/villagio/wp-content/themes/villagio/fonts/fontawesome-webfont3e6e.woff2]
[themes.getmotopress.com/villagio/wp-content/themes/villagio/fonts/fontawesome-webfontd41d.eot]
[themes.getmotopress.com/villagio/wp-content/themes/villagio/fonts/fontawesome-webfont3e6e.woff]
[themes.getmotopress.com/villagio/wp-content/themes/villagio/fonts/fontawesome-webfont3e6e.ttf]
[themes.getmotopress.com/villagio/wp-content/themes/villagio/style6f3e.css]
[themes.getmotopress.com/villagio/wp-content/themes/villagio/images/calendar-o.svg]
[themes.getmotopress.com/villagio/wp-content/themes/villagio/images/load.gif]
[themes.getmotopress.com/villagio/wp-content/themes/villagio/css/motopress-hotel-booking6f3e.css]
[themes.getmotopress.com/villagio/wp-content/themes/villagio/woocommercecbf4.css]
[themes.getmotopress.com/villagio/wp-content/plugins/motopress-hotel-booking/vendors/kbwood/datepick/jquery.datepick8066.css]
[themes.getmotopress.com/villagio/wp-content/themes/villagio/fonts/fontawesome-webfont3e6e.svg]
[themes.getmotopress.com/villagio/wp-content/plugins/motopress-hotel-booking/images/loading8066.gif]
[themes.getmotopress.com/villagio/wp-content/plugins/motopress-hotel-booking/assets/css/mphb.min8066.css]
[themes.getmotopress.com/villagio/wp-content/uploads/sites/8/2017/06/Depositphotos_11636543_original-2000x1333.jpg]
[themes.getmotopress.com/villagio/wp-content/uploads/sites/8/2017/06/Depositphotos_11636543_original-1434x734.jpg]
[themes.getmotopress.com/villagio/accommodation-category/aosta-valley/feed/index.html]
[themes.getmotopress.com/villagio/accommodation-category/aosta-valley/index.html]
[themes.getmotopress.com/villagio/accommodation-category/lazio/index.html]
[themes.getmotopress.com/villagio/accommodation-category/le-marche/index.html]
[themes.getmotopress.com/villagio/accommodation-category/lazio/feed/index.html]
[themes.getmotopress.com/villagio/accommodation-category/le-marche/feed/index.html]
[themes.getmotopress.com/villagio/wp-json/oembed/1.0/embed5ddf.json]
[themes.getmotopress.com/villagio/villas/index.html]
[themes.getmotopress.com/villagio/wp-json/oembed/1.0/embeda7e6]
[themes.getmotopress.com/villagio/wp-json/oembed/1.0/embedeaed.json]
[themes.getmotopress.com/villagio/villas/page/2/index.html]
[themes.getmotopress.com/villagio/wp-json/oembed/1.0/embed73d9]
[themes.getmotopress.com/villagio/find-your-villa/index.html]
[themes.getmotopress.com/villagio/wp-content/uploads/sites/8/2017/06/Depositphotos_6231054_original-927x618.jpg]
[themes.getmotopress.com/villagio/wp-json/oembed/1.0/embed6266.json]
[themes.getmotopress.com/villagio/wp-content/uploads/sites/8/2017/06/Depositphotos_44386219_original-717x540.jpg]
[themes.getmotopress.com/villagio/wp-json/oembed/1.0/embed17a3]
[themes.getmotopress.com/villagio/wp-content/uploads/sites/8/2017/06/Depositphotos_36310741_original-717x540.jpg]
[themes.getmotopress.com/villagio/wp-content/uploads/sites/8/2017/06/Depositphotos_66734779_original-717x540.jpg]
[themes.getmotopress.com/villagio/wp-content/uploads/sites/8/2017/06/Depositphotos_25446011_original-717x540.jpg]
[themes.getmotopress.com/villagio/service/car-rental/index.html]
[themes.getmotopress.com/villagio/services/index.html]
[themes.getmotopress.com/villagio/service/food-hamper/index.html]
[themes.getmotopress.com/villagio/service/baby-sitter/index.html]
[themes.getmotopress.com/villagio/service/meal-catering/index.html]
[themes.getmotopress.com/villagio/wp-json/oembed/1.0/embede099.json]
[themes.getmotopress.com/villagio/service/weddings-and-birthdays/index.html]
[themes.getmotopress.com/villagio/service/cleaning-service/index.html]
[themes.getmotopress.com/villagio/wp-json/oembed/1.0/embed3bae]
[themes.getmotopress.com/villagio/wp-content/uploads/sites/8/2017/06/Depositphotos_59026687_original-717x540.jpg]
[themes.getmotopress.com/villagio/wp-content/uploads/sites/8/2017/06/Depositphotos_46242691_original-717x540.jpg]
[themes.getmotopress.com/villagio/wp-content/uploads/sites/8/2017/06/Depositphotos_76816855_original-717x540.jpg]
[themes.getmotopress.com/villagio/activities/index.html]
[themes.getmotopress.com/villagio/activities/wine-tour-at-le-marches-popular-wine-estate/index.html]
[themes.getmotopress.com/villagio/wp-json/oembed/1.0/embed9d51.json]
[themes.getmotopress.com/villagio/wp-content/uploads/sites/8/2017/06/Depositphotos_76816855_original-2000x1341.jpg]
[themes.getmotopress.com/villagio/wp-json/oembed/1.0/embedee07]
[themes.getmotopress.com/villagio/wp-content/uploads/sites/8/2017/06/Depositphotos_76816855_original-922x618.jpg]
[themes.getmotopress.com/villagio/activities/capri-boat-tour-from-sorrento/index.html]
[themes.getmotopress.com/villagio/wp-json/oembed/1.0/embedf330.json]
[themes.getmotopress.com/villagio/wp-json/oembed/1.0/embedd919]
[themes.getmotopress.com/villagio/wp-content/uploads/sites/8/2017/06/Depositphotos_59026687_original-2000x1923.jpg]
[themes.getmotopress.com/villagio/activities/sightseeing-naples-tour-for-families/index.html]
[themes.getmotopress.com/villagio/wp-content/uploads/sites/8/2017/06/Depositphotos_59026687_original-643x618.jpg]
[themes.getmotopress.com/villagio/wp-json/oembed/1.0/embed3faa.json]
[themes.getmotopress.com/villagio/wp-json/oembed/1.0/embedffb5]
[themes.getmotopress.com/villagio/wp-content/uploads/sites/8/2017/06/Depositphotos_25446011_original-2000x1287.jpg]
[themes.getmotopress.com/villagio/activities/learn-history-half-day-trip-to-pompeii/index.html]
[themes.getmotopress.com/villagio/wp-content/uploads/sites/8/2017/06/Depositphotos_25446011_original-960x618.jpg]
[themes.getmotopress.com/villagio/wp-content/uploads/sites/8/2017/06/Depositphotos_25644061_original-1434x734.jpg]
[themes.getmotopress.com/villagio/wp-content/uploads/sites/8/2017/06/Depositphotos_59026687_original-300x288.jpg]
[themes.getmotopress.com/villagio/wp-content/uploads/sites/8/2017/06/Depositphotos_25446011_original-1434x734.jpg]
[themes.getmotopress.com/villagio/wp-content/uploads/sites/8/2017/06/Depositphotos_36310741_original.jpg]
[themes.getmotopress.com/villagio/category/summer-villa/index.html]
[themes.getmotopress.com/villagio/category/tours/index.html]
[themes.getmotopress.com/villagio/author/admin/index.html]
[themes.getmotopress.com/villagio/wp-content/uploads/sites/8/2017/06/Depositphotos_76816855_original.jpg]
[themes.getmotopress.com/villagio/style-guide/depositphotos_76816855_original/index.html]
[themes.getmotopress.com/villagio/depositphotos_36310741_original/index.html]
[themes.getmotopress.com/villagio/tag/tourist-guide/index.html]
[themes.getmotopress.com/villagio/depositphotos_66734779_original/index.html]
[themes.getmotopress.com/villagio/wp-content/uploads/sites/8/2017/06/Depositphotos_66734779_original.jpg]
[themes.getmotopress.com/villagio/wp-content/uploads/sites/8/2017/06/Depositphotos_46134345_original.jpg]
[themes.getmotopress.com/villagio/wp-content/uploads/sites/8/2017/06/Depositphotos_46958583_original.jpg]
[themes.getmotopress.com/villagio/depositphotos_46134345_original/index.html]
[themes.getmotopress.com/villagio/style-guide/depositphotos_46958583_original/index.html]
[themes.getmotopress.com/villagio/wp-content/uploads/sites/8/2017/06/pexels-photo-105933-1434x734.jpg]
[themes.getmotopress.com/villagio/wp-content/uploads/sites/8/2017/06/pexels-photo-105933-1024x680.jpg]
[themes.getmotopress.com/villagio/wp-content/uploads/sites/8/2017/06/Depositphotos_59026687_original-1434x734.jpg]
[themes.getmotopress.com/villagio/tag/food-tour/index.html]
[themes.getmotopress.com/villagio/wp-content/uploads/sites/8/2017/06/Depositphotos_59026687_original-1024x985.jpg]
[themes.getmotopress.com/villagio/tag/festival/index.html]
[themes.getmotopress.com/villagio/category/festival/index.html]
[themes.getmotopress.com/villagio/wp-content/uploads/sites/8/2017/06/Depositphotos_66734779_original-300x200.jpg]
[themes.getmotopress.com/villagio/tag/music/index.html]
[themes.getmotopress.com/villagio/wp-content/plugins/jetpack/modules/carousel/jetpack-carouselb40f.css]
[themes.getmotopress.com/villagio/wp-content/plugins/jetpack/modules/tiled-gallery/tiled-gallery/tiled-gallerye0c0.css]
[themes.getmotopress.com/villagio/tag/campania/index.html]
[themes.getmotopress.com/villagio/tag/lazio/index.html]
[themes.getmotopress.com/villagio/wp-content/plugins/jetpack/_inc/build/spin.min4e44.js]
[themes.getmotopress.com/villagio/wp-content/plugins/jetpack/_inc/build/jquery.spin.min4e44.js]
[themes.getmotopress.com/villagio/tag/summer-villa/index.html]
[themes.getmotopress.com/villagio/wp-content/plugins/jetpack/_inc/build/carousel/jetpack-carousel.mina4d5.js]
[themes.getmotopress.com/villagio/wp-content/plugins/jetpack/_inc/build/tiled-gallery/tiled-gallery/tiled-gallery.mincbf4.js]
[themes.getmotopress.com/villagio/news/index.html]
[themes.getmotopress.com/villagio/wp-json/oembed/1.0/embede0d8.json]
[themes.getmotopress.com/villagio/wp-json/oembed/1.0/embedc430]
[themes.getmotopress.com/villagio/wp-content/uploads/sites/8/2017/06/Depositphotos_59026875_original-923x1024.jpg]
[themes.getmotopress.com/villagio/wp-content/uploads/sites/8/2017/06/Depositphotos_25644061_original-150x150.jpg]
[themes.getmotopress.com/villagio/wp-content/uploads/sites/8/2017/06/Depositphotos_6231054_original.jpg]
[themes.getmotopress.com/villagio/wp-content/uploads/sites/8/2017/06/Depositphotos_46958583_original-300x191.jpg]
[themes.getmotopress.com/villagio/wp-content/uploads/sites/8/2017/06/Depositphotos_76816855_original-1024x687.jpg]
[themes.getmotopress.com/villagio/style-guide/index.html]
[themes.getmotopress.com/villagio/wp-content/uploads/sites/8/2018/01/Aero_Table-300x300.png]
[themes.getmotopress.com/villagio/wp-content/uploads/sites/8/2018/01/Cherry_Skinny_Jeans-300x300.png]
[themes.getmotopress.com/villagio/product/aero-table/index.html]
[themes.getmotopress.com/villagio/shop/feed/index.html]
[themes.getmotopress.com/villagio/product/cherry-skinny-jeans/index.html]
[themes.getmotopress.com/villagio/wp-content/uploads/sites/8/2018/01/Didio_Flat_Step-300x300.png]
[themes.getmotopress.com/villagio/product/didio-flat-step/index.html]
[themes.getmotopress.com/villagio/wp-content/uploads/sites/8/2018/01/Didio_Flat_Step-790x1024.png]
[themes.getmotopress.com/villagio/wp-content/uploads/sites/8/2018/01/Eggo_Orange_chair-300x300.png]
[themes.getmotopress.com/villagio/wp-content/uploads/sites/8/2018/01/Eggo_Orange_chair-790x1024.png]
[themes.getmotopress.com/villagio/product/eggo-orange-chair/index.html]
[themes.getmotopress.com/villagio/shop/index10bf.html]
[themes.getmotopress.com/villagio/wp-content/uploads/sites/8/2018/01/Ellipse_Modern_Chair-300x300.png]
[themes.getmotopress.com/villagio/wp-content/uploads/sites/8/2018/01/Ellipse_Modern_Chair-790x1024.png]
[themes.getmotopress.com/villagio/product/ellipse-modern-chair/index.html]
[themes.getmotopress.com/villagio/wp-content/uploads/sites/8/2018/01/Fans_Greenlight_High-300x300.png]
[themes.getmotopress.com/villagio/wp-content/uploads/sites/8/2018/01/Fans_Greenlight_High-790x1024.png]
[themes.getmotopress.com/villagio/product/fans-greenlight-high/index.html]
[themes.getmotopress.com/villagio/wp-content/uploads/sites/8/2018/01/Fans_Woman_Superspot-300x300.png]
[themes.getmotopress.com/villagio/wp-content/uploads/sites/8/2018/01/Fans_Woman_Superspot-790x1024.png]
[themes.getmotopress.com/villagio/product/fans-woman-superspot/index.html]
[themes.getmotopress.com/villagio/shop/index869f.html]
[themes.getmotopress.com/villagio/wp-content/uploads/sites/8/2018/01/Gnusmas_Razer_3-300x300.png]
[themes.getmotopress.com/villagio/wp-content/uploads/sites/8/2018/01/Gnusmas_Razer_3-790x1024.png]
[themes.getmotopress.com/villagio/product/gnusmas-razer/index.html]
[themes.getmotopress.com/villagio/wp-content/uploads/sites/8/2018/01/Gotovo_Media_Centre-300x300.png]
[themes.getmotopress.com/villagio/shop/indexca47.html]
[themes.getmotopress.com/villagio/wp-content/uploads/sites/8/2018/01/Gotovo_Media_Centre-790x1024.png]
[themes.getmotopress.com/villagio/product/gotovo-media-centre/index.html]
[themes.getmotopress.com/villagio/wp-content/uploads/sites/8/2018/01/Greezel_Leather_Jacket-300x300.png]
[themes.getmotopress.com/villagio/wp-content/uploads/sites/8/2018/01/Greezel_Leather_Jacket-790x1024.png]
[themes.getmotopress.com/villagio/shop/index79de.html]
[themes.getmotopress.com/villagio/product/greezel-leather-jacket/index.html]
[themes.getmotopress.com/villagio/wp-content/uploads/sites/8/2018/01/Johnverse-High-Classic-300x300.png]
[themes.getmotopress.com/villagio/wp-content/uploads/sites/8/2018/01/Johnverse-High-Classic-790x1024.png]
[themes.getmotopress.com/villagio/product/johnverse-high-classic/index.html]
[themes.getmotopress.com/villagio/wp-content/uploads/sites/8/2018/01/Johnverse_Red-300x300.png]
[themes.getmotopress.com/villagio/wp-content/uploads/sites/8/2018/01/Johnverse_Red-790x1024.png]
[themes.getmotopress.com/villagio/product/johnverse-red/index.html]
[themes.getmotopress.com/villagio/shop/index0a4f.html]
[themes.getmotopress.com/villagio/wp-content/uploads/sites/8/2018/01/Ellipse_Modern_Chair-180x180.png]
[themes.getmotopress.com/villagio/shop/page/3/index.html]
[themes.getmotopress.com/villagio/wp-content/uploads/sites/8/2018/01/Minimo_Sofa-180x180.png]
[themes.getmotopress.com/villagio/shop/page/2/index.html]
[themes.getmotopress.com/villagio/shop/index7ab1.html]
[themes.getmotopress.com/villagio/product-category/clothing/index.html]
[themes.getmotopress.com/villagio/wp-content/uploads/sites/8/2018/01/Minimo_Sofa-790x1024.png]
[themes.getmotopress.com/villagio/product-category/electronics/index.html]
[themes.getmotopress.com/villagio/product-category/furniture/index.html]
[themes.getmotopress.com/villagio/wp-content/uploads/sites/8/2018/01/Tripledas_Airwalk-180x180.png]
[themes.getmotopress.com/villagio/product-category/footwear/index.html]
[themes.getmotopress.com/villagio/shop/index2336.html]
[themes.getmotopress.com/villagio/shop/index5786.html]
[themes.getmotopress.com/villagio/wp-content/uploads/sites/8/2018/01/Tripledas_Airwalk-790x1024.png]
[themes.getmotopress.com/villagio/shop/indexa87e.html]
[themes.getmotopress.com/villagio/shop/index0d77.html]
[themes.getmotopress.com/villagio/shop/indexe33a.html]
[themes.getmotopress.com/villagio/wp-content/uploads/sites/8/2018/01/Fans_Greenlight_High-180x180.png]
[themes.getmotopress.com/villagio/shop/index3094.html]
[themes.getmotopress.com/villagio/shop/index09e0.html]
[themes.getmotopress.com/villagio/shop/indexbbd8.html]
[themes.getmotopress.com/villagio/wp-content/uploads/sites/8/2018/01/Merzu_MX_500-180x180.png]
[themes.getmotopress.com/villagio/product/minimo-sofa/index.html]
[themes.getmotopress.com/villagio/product/tripledas-airwalk/index.html]
[themes.getmotopress.com/villagio/product/merzu-mx-100/index.html]
[themes.getmotopress.com/villagio/wp-content/uploads/sites/8/2018/01/Merzu_MX_500-790x1024.png]
[themes.getmotopress.com/villagio/shop/index.html]
[themes.getmotopress.com/villagio/wp-content/plugins/woocommerce/assets/css/select2c169.css]
[themes.getmotopress.com/villagio/wp-includes/js/zxcvbn-async.min5152.js]
[themes.getmotopress.com/villagio/wp-json/oembed/1.0/embed752b.json]
[themes.getmotopress.com/villagio/wp-json/oembed/1.0/embed7177]
[themes.getmotopress.com/villagio/wp-content/plugins/woocommerce/assets/js/frontend/country-select.minc169.js]
[themes.getmotopress.com/villagio/wp-content/plugins/woocommerce/assets/js/frontend/address-i18n.minc169.js]
[themes.getmotopress.com/villagio/wp-content/plugins/woocommerce/assets/js/frontend/cart.minc169.js]
[themes.getmotopress.com/villagio/wp-content/plugins/woocommerce/assets/js/selectWoo/selectWoo.full.minf269.js]
[themes.getmotopress.com/villagio/wp-admin/js/password-strength-meter.mincbf4.js]
[themes.getmotopress.com/villagio/wp-content/plugins/woocommerce/assets/js/frontend/password-strength-meter.minc169.js]
[themes.getmotopress.com/villagio/cart/index.html]
[themes.getmotopress.com/villagio/wp-json/oembed/1.0/embedc11c.json]
[themes.getmotopress.com/villagio/accommodation/a-brand-new-villa-zorada-vacation-rental/feed/index.html]
[themes.getmotopress.com/villagio/wp-content/uploads/sites/8/2017/06/Depositphotos_65899635_original-824x618.jpg]
[themes.getmotopress.com/villagio/accommodation/a-brand-new-villa-zorada-vacation-rental/index.html]
[themes.getmotopress.com/villagio/wp-json/oembed/1.0/embed3585]
[themes.getmotopress.com/villagio/wp-includes/js/comment-reply.mincbf4.js]
[themes.getmotopress.com/villagio/accommodation/a-brand-new-villa-zorada-vacation-rental/index21b4.html]
[themes.getmotopress.com/villagio/accommodation/a-brand-new-villa-zorada-vacation-rental/index8e42.html]
[themes.getmotopress.com/villagio/accommodation/a-brand-new-villa-zorada-vacation-rental/index267f.html]
[themes.getmotopress.com/villagio/wp-json/oembed/1.0/embedeccf.json]
[themes.getmotopress.com/villagio/accommodation/huntington-seaside-villa/feed/index.html]
[themes.getmotopress.com/villagio/accommodation/huntington-seaside-villa/index.html]
[themes.getmotopress.com/villagio/wp-json/oembed/1.0/embed6013]
[themes.getmotopress.com/villagio/accommodation/huntington-seaside-villa/indexfc06.html]
[themes.getmotopress.com/villagio/accommodation/huntington-seaside-villa/index6944.html]
[themes.getmotopress.com/villagio/accommodation/huntington-seaside-villa/index94a5.html]
[themes.getmotopress.com/villagio/wp-json/oembed/1.0/embed9813.json]
[themes.getmotopress.com/villagio/accommodation/stunning-beachfront-villa-azul-celeste/feed/index.html]
[themes.getmotopress.com/villagio/accommodation/stunning-beachfront-villa-azul-celeste/index.html]
[themes.getmotopress.com/villagio/wp-content/uploads/sites/8/2017/06/Depositphotos_5789835_original-927x618.jpg]
[themes.getmotopress.com/villagio/wp-json/oembed/1.0/embed3d31]
[themes.getmotopress.com/villagio/wp-json/oembed/1.0/embed8f69.json]
[themes.getmotopress.com/villagio/accommodation/stunning-beachfront-villa-azul-celeste/indexfa40.html]
[themes.getmotopress.com/villagio/accommodation/cuvee-hualalai-estate/feed/index.html]
[themes.getmotopress.com/villagio/wp-content/uploads/sites/8/2017/06/Depositphotos_11497591_original-2000x1288.jpg]
[themes.getmotopress.com/villagio/wp-json/oembed/1.0/embedc6d1]
[themes.getmotopress.com/villagio/wp-content/uploads/sites/8/2017/06/Depositphotos_11497591_original-960x618.jpg]
[themes.getmotopress.com/villagio/accommodation/cuvee-hualalai-estate/index.html]
[themes.getmotopress.com/villagio/wp-content/uploads/sites/8/2017/06/Depositphotos_11497591_original-1434x734.jpg]
[themes.getmotopress.com/villagio/wp-content/uploads/sites/8/2017/06/Depositphotos_31239309_original-1434x734.jpg]
[themes.getmotopress.com/villagio/accommodation/cuvee-hualalai-estate/index0e22.html]
[themes.getmotopress.com/villagio/accommodation-facility/air-conditioning/index.html]
[themes.getmotopress.com/villagio/accommodation/cuvee-hualalai-estate/index3094.html]
[themes.getmotopress.com/villagio/accommodation-facility/balcony/index.html]
[themes.getmotopress.com/villagio/accommodation-facility/air-conditioning/feed/index.html]
[themes.getmotopress.com/villagio/accommodation-facility/beachfront/index.html]
[themes.getmotopress.com/villagio/accommodation-facility/balcony/feed/index.html]
[themes.getmotopress.com/villagio/accommodation-facility/dining-area/index.html]
[themes.getmotopress.com/villagio/accommodation-facility/flat-screen-tv/index.html]
[themes.getmotopress.com/villagio/accommodation-facility/beachfront/feed/index.html]
[themes.getmotopress.com/villagio/accommodation-facility/free-parking/index.html]
[themes.getmotopress.com/villagio/accommodation-facility/dining-area/feed/index.html]
[themes.getmotopress.com/villagio/accommodation-facility/free-wifi/index.html]
[themes.getmotopress.com/villagio/accommodation-facility/flat-screen-tv/feed/index.html]
[themes.getmotopress.com/villagio/accommodation-facility/outdoor-pool/index.html]
[themes.getmotopress.com/villagio/accommodation-facility/free-parking/feed/index.html]
[themes.getmotopress.com/villagio/accommodation-facility/free-wifi/feed/index.html]
[themes.getmotopress.com/villagio/accommodation-facility/outdoor-pool/feed/index.html]
[themes.getmotopress.com/villagio/wp-json/oembed/1.0/embed74c5.json]
[themes.getmotopress.com/villagio/accommodation/summerland-villa-at-patriots-landing/feed/index.html]
[themes.getmotopress.com/villagio/wp-json/oembed/1.0/embed018b]
[themes.getmotopress.com/villagio/accommodation/summerland-villa-at-patriots-landing/index.html]
[themes.getmotopress.com/villagio/accommodation-facility/pet-friendly/index.html]
[themes.getmotopress.com/villagio/accommodation-facility/terrace/index.html]
[themes.getmotopress.com/villagio/wp-content/uploads/sites/8/2017/06/Depositphotos_11636543_original-927x618.jpg]
[themes.getmotopress.com/villagio/accommodation-facility/pet-friendly/feed/index.html]
[themes.getmotopress.com/villagio/accommodation-facility/terrace/feed/index.html]
[themes.getmotopress.com/villagio/accommodation/summerland-villa-at-patriots-landing/index41b7.html]
[themes.getmotopress.com/villagio/wp-json/oembed/1.0/embed8bc3.json]
[themes.getmotopress.com/villagio/accommodation/deluxe-ski-in-ski-out-aspen-townhouse/feed/index.html]
[themes.getmotopress.com/villagio/wp-content/uploads/sites/8/2017/06/Depositphotos_31239309_original-2000x1445.jpg]
[themes.getmotopress.com/villagio/wp-json/oembed/1.0/embedd305]
[themes.getmotopress.com/villagio/wp-content/uploads/sites/8/2017/06/Depositphotos_31239309_original-855x618.jpg]
[themes.getmotopress.com/villagio/accommodation/deluxe-ski-in-ski-out-aspen-townhouse/index.html]
[themes.getmotopress.com/villagio/accommodation-facility/fireplace/index.html]
[themes.getmotopress.com/villagio/accommodation-facility/fireplace/feed/index.html]
[themes.getmotopress.com/villagio/wp-json/oembed/1.0/embedaac7.json]
[themes.getmotopress.com/villagio/accommodation/deluxe-ski-in-ski-out-aspen-townhouse/indexa858.html]
[themes.getmotopress.com/villagio/accommodation/deluxe-ski-in-ski-out-aspen-townhouse/index04d3.html]
[themes.getmotopress.com/villagio/wp-json/oembed/1.0/embedc9e1]
[themes.getmotopress.com/villagio/wp-content/uploads/sites/8/2017/06/Depositphotos_55738523_original.jpg]
[themes.getmotopress.com/villagio/wp-content/uploads/sites/8/2017/06/Depositphotos_55738523_original-518x618.jpg]
[themes.getmotopress.com/villagio/wp-content/uploads/sites/8/2017/06/Depositphotos_68245971_original-717x540.jpg]
[themes.getmotopress.com/villagio/testimonial/joe-doe/index.html]
[themes.getmotopress.com/villagio/wp-json/oembed/1.0/embeda359.json]
[themes.getmotopress.com/villagio/wp-json/oembed/1.0/embede4a6]
[themes.getmotopress.com/villagio/wp-content/uploads/sites/8/2017/06/Depositphotos_68245971_original-2000x1333.jpg]
[themes.getmotopress.com/villagio/wp-content/uploads/sites/8/2017/06/Depositphotos_68245971_original-927x618.jpg]
[themes.getmotopress.com/villagio/wp-content/uploads/sites/8/2017/06/Depositphotos_55738523_original-717x540.jpg]
[themes.getmotopress.com/villagio/wp-content/uploads/sites/8/2017/06/Depositphotos_63773305_original-717x540.jpg]
[themes.getmotopress.com/villagio/testimonial/kim-lee/index.html]
[themes.getmotopress.com/villagio/wp-json/oembed/1.0/embedd0b9.json]
[themes.getmotopress.com/villagio/wp-json/oembed/1.0/embed59b5]
[themes.getmotopress.com/villagio/wp-content/uploads/sites/8/2017/06/Depositphotos_63773305_original-2000x2000.jpg]
[themes.getmotopress.com/villagio/wp-content/uploads/sites/8/2017/06/Depositphotos_63773305_original-618x618.jpg]
[themes.getmotopress.com/villagio/testimonial/tom/index.html]
[themes.getmotopress.com/villagio/wp-json/oembed/1.0/embed28c1.json]
[themes.getmotopress.com/villagio/2017/06/14/unforgettable-vignanello-garden-tour-in-lazio/feed/index.html]
[themes.getmotopress.com/villagio/wp-json/oembed/1.0/embed0715]
[themes.getmotopress.com/villagio/wp-content/uploads/sites/8/2017/06/Depositphotos_25644061_original-2000x1299.jpg]
[themes.getmotopress.com/villagio/2017/06/14/unforgettable-vignanello-garden-tour-in-lazio/index.html]
[themes.getmotopress.com/villagio/wp-content/uploads/sites/8/2017/06/Depositphotos_25644061_original-952x618.jpg]
[themes.getmotopress.com/villagio/wp-json/oembed/1.0/embedce8c.json]
[themes.getmotopress.com/villagio/2017/06/14/unforgettable-vignanello-garden-tour-in-lazio/index360b.html]
[themes.getmotopress.com/villagio/2017/06/14/special-discounts-for-italian-castles-tour/feed/index.html]
[themes.getmotopress.com/villagio/wp-json/oembed/1.0/embedeba6]
[themes.getmotopress.com/villagio/2017/06/14/special-discounts-for-italian-castles-tour/index.html]
[themes.getmotopress.com/villagio/wp-content/uploads/sites/8/2017/06/Depositphotos_25644061_original-717x540.jpg]
[themes.getmotopress.com/villagio/2017/06/14/special-discounts-for-italian-castles-tour/index6f0d.html]
[themes.getmotopress.com/villagio/wp-json/oembed/1.0/embed06ca.json]
[themes.getmotopress.com/villagio/2017/06/14/special-discounts-for-italian-castles-tour/index8528.html]
[themes.getmotopress.com/villagio/2017/06/14/places-of-interest-near-summer-villa-emilia/feed/index.html]
[themes.getmotopress.com/villagio/wp-json/oembed/1.0/embed8015]
[themes.getmotopress.com/villagio/wp-content/uploads/sites/8/2017/06/pexels-photo-105933-717x540.jpg]
[themes.getmotopress.com/villagio/2017/06/14/places-of-interest-near-summer-villa-emilia/index.html]
[themes.getmotopress.com/villagio/2017/06/14/places-of-interest-near-summer-villa-emilia/indexa79a.html]
[themes.getmotopress.com/villagio/2017/06/14/places-of-interest-near-summer-villa-emilia/indexb951.html]
[themes.getmotopress.com/villagio/wp-json/oembed/1.0/embed4eb3.json]
[themes.getmotopress.com/villagio/2017/06/14/celebrate-lucca-summer-festival-with-us/feed/index.html]
[themes.getmotopress.com/villagio/wp-json/oembed/1.0/embed5379]
[themes.getmotopress.com/villagio/wp-content/uploads/sites/8/2017/06/pexels-photo-105933-2000x1329.jpg]
[themes.getmotopress.com/villagio/wp-content/uploads/sites/8/2017/06/pexels-photo-105933-930x618.jpg]
[themes.getmotopress.com/villagio/2017/06/14/celebrate-lucca-summer-festival-with-us/index.html]
[themes.getmotopress.com/villagio/wp-json/oembed/1.0/embed31c9.json]
[themes.getmotopress.com/villagio/2017/06/14/celebrate-lucca-summer-festival-with-us/index5a86.html]
[themes.getmotopress.com/villagio/2017/06/13/lazio-or-campania-which-location-is-best-for-your-stay/feed/index.html]
[themes.getmotopress.com/villagio/2017/06/13/lazio-or-campania-which-location-is-best-for-your-stay/index.html]
[themes.getmotopress.com/villagio/wp-content/plugins/jetpack/modules/custom-post-types/css/testimonial-shortcodef8b0.css]
[themes.getmotopress.com/villagio/wp-json/oembed/1.0/embed3d32]
[themes.getmotopress.com/villagio/2017/06/13/lazio-or-campania-which-location-is-best-for-your-stay/indexa82a.html]
[themes.getmotopress.com/villagio/accommodation-category/aostatal/indexe8ea.html]
[themes.getmotopress.com/villagio/accommodation-category/aostatal/index3322.html]
[themes.getmotopress.com/villagio/accommodation-category/latium/indexe8ea.html]
[themes.getmotopress.com/villagio/accommodation-category/latium/index3322.html]
[themes.getmotopress.com/villagio/accommodation-category/marken/indexe8ea.html]
[themes.getmotopress.com/villagio/accommodation-category/marken/index3322.html]
[themes.getmotopress.com/villagio/villen/index3322.html]
[themes.getmotopress.com/villagio/finde-deine-villa/index3322.html]
[themes.getmotopress.com/villagio/villen/page/2/index3322.html]
[themes.getmotopress.com/villagio/dienstleistungen/index3322.html]
[themes.getmotopress.com/villagio/wp-json/index5d2a.html]
[themes.getmotopress.com/villagio/aktivitaeten/index3322.html]
[themes.getmotopress.com/villagio/wp-json/indexa849.html]
[themes.getmotopress.com/villagio/aktivitaeten/capri-bootstour-von-sorrent/index3322.html]
[themes.getmotopress.com/villagio/aktivitaeten/sightseeing-neapel-tour-fuer-familien/index3322.html]
[themes.getmotopress.com/villagio/wp-json/index8192.html]
[themes.getmotopress.com/villagio/aktivitaeten/geschichte-lernen-halbtagesausflug-nach-pompeji/index3322.html]
[themes.getmotopress.com/villagio/nieuws/index3322.html]
[themes.getmotopress.com/villagio/accommodation/villa-am-strand-casa-aurora/index3322.html]
[themes.getmotopress.com/villagio/accommodation/strand-villa-toskana-maremma/index3322.html]
[themes.getmotopress.com/villagio/accommodation/villa-bastilicata-grande/index3322.html]
[themes.getmotopress.com/villagio/accommodation-facility/aussen-pool/index3322.html]
[themes.getmotopress.com/villagio/accommodation-facility/balkon/index3322.html]
[themes.getmotopress.com/villagio/accommodation-facility/direkt-am-strand/index3322.html]
[themes.getmotopress.com/villagio/accommodation-facility/essbereich/index3322.html]
[themes.getmotopress.com/villagio/accommodation-facility/flachbildfernseher/index3322.html]
[themes.getmotopress.com/villagio/accommodation-facility/gratis-parkplatze/index3322.html]
[themes.getmotopress.com/villagio/accommodation-facility/gratis-wifi/index3322.html]
[themes.getmotopress.com/villagio/accommodation-facility/haustierfreundlich/index3322.html]
[themes.getmotopress.com/villagio/accommodation-facility/klimaanlage/index3322.html]
[themes.getmotopress.com/villagio/accommodation-facility/terrasse/index3322.html]
[themes.getmotopress.com/villagio/accommodation/alpen-berge-winter-haeuschen-monte-bianco-in-aostatal/index3322.html]
[themes.getmotopress.com/villagio/accommodation-facility/kamin/index3322.html]
[themes.getmotopress.com/villagio/accommodation/sommer-villa-emilia/index3322.html]
[themes.getmotopress.com/villagio/accommodation/die-marken-aetna-haus/index3322.html]
[themes.getmotopress.com/villagio/testimonial/joe-doe/index3322.html]
[themes.getmotopress.com/villagio/testimonial/kim-lee/index3322.html]
[themes.getmotopress.com/villagio/testimonial/tom/index3322.html]
[themes.getmotopress.com/villagio/2017/12/11/latium-or-marken-welcher-ort-ist-am-besten-fuer-ihren-aufenthalt/index3322.html]
[themes.getmotopress.com/villagio/2017/12/11/feiern-sie-lucca-summer-festival-mit-uns/index3322.html]
[themes.getmotopress.com/villagio/2017/12/11/sehenswuerdigkeiten-in-der-naehe-der-sommervilla-emilia/index3322.html]
[themes.getmotopress.com/villagio/2017/12/11/spezielle-rabatte-fuer-italienische-schloesser-tour/index3322.html]
[themes.getmotopress.com/villagio/2017/12/11/unvergessliche-vignanello-garten-tour-in-latium/index3322.html]
[themes.getmotopress.com/villagio/wp-content/plugins/woocommerce/assets/fonts/star.svg]
[themes.getmotopress.com/villagio/wp-content/plugins/woocommerce/assets/fonts/WooCommerce.svg]
[themes.getmotopress.com/villagio/wp-content/plugins/woocommerce/assets/images/icons/loader.svg]
[themes.getmotopress.com/villagio/wp-content/plugins/woocommerce/assets/images/icons/credit-cards/visa.svg]
[themes.getmotopress.com/villagio/wp-content/plugins/woocommerce/assets/images/icons/credit-cards/mastercard.svg]
[themes.getmotopress.com/villagio/wp-content/plugins/woocommerce/assets/images/icons/credit-cards/laser.svg]
[themes.getmotopress.com/villagio/wp-content/plugins/woocommerce/assets/images/icons/credit-cards/diners.svg]
[themes.getmotopress.com/villagio/wp-content/plugins/woocommerce/assets/images/icons/credit-cards/maestro.svg]
[themes.getmotopress.com/villagio/wp-content/plugins/woocommerce/assets/images/icons/credit-cards/jcb.svg]
[themes.getmotopress.com/villagio/wp-content/plugins/woocommerce/assets/images/icons/credit-cards/amex.svg]
[themes.getmotopress.com/villagio/wp-content/plugins/woocommerce/assets/images/icons/credit-cards/discover.svg]
[themes.getmotopress.com/villagio/wp-content/themes/villagio/images/angle-down.svg]
[themes.getmotopress.com/villagio/wp-content/themes/villagio/fonts/fontawesome-webfont3e6e.svg]
[themes.getmotopress.com/villagio/wp-content/themes/villagio/images/calendar-o.svg]
[themes.getmotopress.com/villagio/index5c7e.html]
[themes.getmotopress.com/villagio/villas/page/2/index.html]
[themes.getmotopress.com/villagio/indexc471.html]
[themes.getmotopress.com/villagio/index7737.html]
[themes.getmotopress.com/villagio/service/car-rental/index.html]
[themes.getmotopress.com/villagio/service/food-hamper/index.html]
[themes.getmotopress.com/villagio/service/meal-catering/index.html]
[themes.getmotopress.com/villagio/service/baby-sitter/index.html]
[themes.getmotopress.com/villagio/service/weddings-and-birthdays/index.html]
[themes.getmotopress.com/villagio/service/cleaning-service/index.html]
[themes.getmotopress.com/villagio/indexb8c4.html]
[themes.getmotopress.com/villagio/activities/wine-tour-at-le-marches-popular-wine-estate/index.html]
[themes.getmotopress.com/villagio/index9c49.html]
[themes.getmotopress.com/villagio/index913e.html]
[themes.getmotopress.com/villagio/index86fa.html]
[themes.getmotopress.com/villagio/author/admin/index.html]
[themes.getmotopress.com/villagio/category/summer-villa/index.html]
[themes.getmotopress.com/villagio/category/tours/index.html]
[themes.getmotopress.com/villagio/tag/tourist-guide/index.html]
[themes.getmotopress.com/villagio/depositphotos_36310741_original/index.html]
[themes.getmotopress.com/villagio/style-guide/depositphotos_76816855_original/index.html]
[themes.getmotopress.com/villagio/depositphotos_66734779_original/index.html]
[themes.getmotopress.com/villagio/depositphotos_46134345_original/index.html]
[themes.getmotopress.com/villagio/style-guide/depositphotos_46958583_original/index.html]
[themes.getmotopress.com/villagio/tag/food-tour/index.html]
[themes.getmotopress.com/villagio/category/festival/index.html]
[themes.getmotopress.com/villagio/tag/festival/index.html]
[themes.getmotopress.com/villagio/tag/music/index.html]
[themes.getmotopress.com/villagio/tag/campania/index.html]
[themes.getmotopress.com/villagio/tag/lazio/index.html]
[themes.getmotopress.com/villagio/tag/summer-villa/index.html]
[themes.getmotopress.com/villagio/wp-content/plugins/jetpack/modules/carousel/jetpack-carouselb40f.css]
[themes.getmotopress.com/villagio/wp-content/plugins/jetpack/modules/tiled-gallery/tiled-gallery/tiled-gallerye0c0.css]
[themes.getmotopress.com/villagio/index8054.html]
[themes.getmotopress.com/villagio/product/aero-table/index.html]
[themes.getmotopress.com/villagio/product/cherry-skinny-jeans/index.html]
[themes.getmotopress.com/villagio/product/didio-flat-step/index.html]
[themes.getmotopress.com/villagio/shop/index10bf.html]
[themes.getmotopress.com/villagio/product/eggo-orange-chair/index.html]
[themes.getmotopress.com/villagio/product/ellipse-modern-chair/index.html]
[themes.getmotopress.com/villagio/product/fans-greenlight-high/index.html]
[themes.getmotopress.com/villagio/shop/index869f.html]
[themes.getmotopress.com/villagio/product/fans-woman-superspot/index.html]
[themes.getmotopress.com/villagio/product/gnusmas-razer/index.html]
[themes.getmotopress.com/villagio/shop/indexca47.html]
[themes.getmotopress.com/villagio/product/gotovo-media-centre/index.html]
[themes.getmotopress.com/villagio/shop/index79de.html]
[themes.getmotopress.com/villagio/product/greezel-leather-jacket/index.html]
[themes.getmotopress.com/villagio/product/johnverse-high-classic/index.html]
[themes.getmotopress.com/villagio/shop/index0a4f.html]
[themes.getmotopress.com/villagio/product/johnverse-red/index.html]
[themes.getmotopress.com/villagio/shop/index7ab1.html]
[themes.getmotopress.com/villagio/shop/page/3/index.html]
[themes.getmotopress.com/villagio/shop/page/2/index.html]
[themes.getmotopress.com/villagio/product-category/clothing/index.html]
[themes.getmotopress.com/villagio/product-category/electronics/index.html]
[themes.getmotopress.com/villagio/product-category/footwear/index.html]
[themes.getmotopress.com/villagio/product-category/furniture/index.html]
[themes.getmotopress.com/villagio/shop/index2336.html]
[themes.getmotopress.com/villagio/shop/index5786.html]
[themes.getmotopress.com/villagio/shop/indexa87e.html]
[themes.getmotopress.com/villagio/shop/index0d77.html]
[themes.getmotopress.com/villagio/shop/indexe33a.html]
[themes.getmotopress.com/villagio/shop/index3094.html]
[themes.getmotopress.com/villagio/shop/index09e0.html]
[themes.getmotopress.com/villagio/shop/indexbbd8.html]
[themes.getmotopress.com/villagio/product/minimo-sofa/index.html]
[themes.getmotopress.com/villagio/product/tripledas-airwalk/index.html]
[themes.getmotopress.com/villagio/product/merzu-mx-100/index.html]
[themes.getmotopress.com/villagio/wp-content/plugins/woocommerce/assets/css/select2c169.css]
[themes.getmotopress.com/villagio/index0d13.html]
[themes.getmotopress.com/villagio/indexfbd5.html]
[themes.getmotopress.com/villagio/accommodation/a-brand-new-villa-zorada-vacation-rental/index21b4.html]
[themes.getmotopress.com/villagio/accommodation/a-brand-new-villa-zorada-vacation-rental/index8e42.html]
[themes.getmotopress.com/villagio/accommodation/a-brand-new-villa-zorada-vacation-rental/index267f.html]
[themes.getmotopress.com/villagio/indexb93f.html]
[themes.getmotopress.com/villagio/accommodation/huntington-seaside-villa/index94a5.html]
[themes.getmotopress.com/villagio/accommodation/huntington-seaside-villa/indexfc06.html]
[themes.getmotopress.com/villagio/accommodation/huntington-seaside-villa/index6944.html]
[themes.getmotopress.com/villagio/index1e7e.html]
[themes.getmotopress.com/villagio/accommodation/stunning-beachfront-villa-azul-celeste/indexfa40.html]
[themes.getmotopress.com/villagio/index49b1.html]
[themes.getmotopress.com/villagio/accommodation/cuvee-hualalai-estate/index0e22.html]
[themes.getmotopress.com/villagio/accommodation/cuvee-hualalai-estate/index3094.html]
[themes.getmotopress.com/villagio/index3ba0.html]
[themes.getmotopress.com/villagio/accommodation/summerland-villa-at-patriots-landing/index41b7.html]
[themes.getmotopress.com/villagio/index0d0b.html]
[themes.getmotopress.com/villagio/accommodation/deluxe-ski-in-ski-out-aspen-townhouse/indexa858.html]
[themes.getmotopress.com/villagio/accommodation/deluxe-ski-in-ski-out-aspen-townhouse/index04d3.html]
[themes.getmotopress.com/villagio/index2cce.html]
[themes.getmotopress.com/villagio/index7665.html]
[themes.getmotopress.com/villagio/index96f1.html]
[themes.getmotopress.com/villagio/index30a5.html]
[themes.getmotopress.com/villagio/xmlrpc.php]
[themes.getmotopress.com/villagio/2017/06/14/unforgettable-vignanello-garden-tour-in-lazio/index360b.html]
[themes.getmotopress.com/villagio/index5f87.html]
[themes.getmotopress.com/villagio/2017/06/14/special-discounts-for-italian-castles-tour/index8528.html]
[themes.getmotopress.com/villagio/2017/06/14/special-discounts-for-italian-castles-tour/index6f0d.html]
[themes.getmotopress.com/villagio/index5a24.html]
[themes.getmotopress.com/villagio/2017/06/14/places-of-interest-near-summer-villa-emilia/indexa79a.html]
[themes.getmotopress.com/villagio/2017/06/14/places-of-interest-near-summer-villa-emilia/indexb951.html]
[themes.getmotopress.com/villagio/indexc5eb.html]
[themes.getmotopress.com/villagio/2017/06/14/celebrate-lucca-summer-festival-with-us/index5a86.html]
[themes.getmotopress.com/villagio/indexb6ad.html]
[themes.getmotopress.com/villagio/2017/06/13/lazio-or-campania-which-location-is-best-for-your-stay/indexa82a.html]
[themes.getmotopress.com/villagio/accommodation-category/aostatal/indexe8ea.html]
[themes.getmotopress.com/villagio/accommodation-category/latium/indexe8ea.html]
[themes.getmotopress.com/villagio/accommodation-category/marken/indexe8ea.html]
[themes.getmotopress.com/villagio/indexe707.html]
[themes.getmotopress.com/villagio/villen/page/2/index3322.html]
[themes.getmotopress.com/villagio/index8e50.html]
[themes.getmotopress.com/villagio/wp-json/index01e1.html]
[themes.getmotopress.com/villagio/indexdb5f.html]
[themes.getmotopress.com/villagio/wp-json/index4299.html]
[themes.getmotopress.com/villagio/wp-json/indexc3ad.html]
[themes.getmotopress.com/villagio/service/reinigungsservice/index3322.html]
[themes.getmotopress.com/villagio/service/hochzeiten-und-geburtstage-feiern/index3322.html]
[themes.getmotopress.com/villagio/service/babysitter/index3322.html]
[themes.getmotopress.com/villagio/service/catering-fuer-mahlzeiten/index3322.html]
[themes.getmotopress.com/villagio/service/lebensmittelkorb/index3322.html]
[themes.getmotopress.com/villagio/service/autovermietung/index3322.html]
[themes.getmotopress.com/villagio/index5774.html]
[themes.getmotopress.com/villagio/wp-json/index9c3a.html]
[themes.getmotopress.com/villagio/wp-json/index5e36.html]
[themes.getmotopress.com/villagio/aktivitaeten/wein-und-kaese-tour-im-beliebten-weingut-von-le-marche/index3322.html]
[themes.getmotopress.com/villagio/indexc59e.html]
[themes.getmotopress.com/villagio/wp-json/index5b0c.html]
[themes.getmotopress.com/villagio/wp-json/indexb034.html]
[themes.getmotopress.com/villagio/index713b.html]
[themes.getmotopress.com/villagio/wp-json/indexbb3e.html]
[themes.getmotopress.com/villagio/wp-json/index354d.html]
